C51 COMPILER V9.59.0.0   LED                                                               02/23/2021 22:20:58 PAGE 1   


C51 COMPILER V9.59.0.0, COMPILATION OF MODULE LED
OBJECT MODULE PLACED IN .\Objects\led.obj
COMPILER INVOKED BY: C:\Keil_v5\C51\BIN\C51.EXE ..\Hardware\src\led.c OPTIMIZE(8,SPEED) BROWSE INCDIR(..\App\inc;..\Hard
                    -ware\inc) DEBUG OBJECTEXTEND PRINT(.\Listings\led.lst) OBJECT(.\Objects\led.obj)

line level    source

   1          #include "led.h"
   2          
   3          sbit LED0 = P2^0;
   4          
   5          //LEDÁÁÃð¿ØÖÆ
   6          void LED_OnOff(uint8_t status)
   7          {
   8   1              LED0 = status ? 0 : 1;
   9   1      }
  10          
  11          //LEDµÆ×´Ì¬·­×ª
  12          void LED_Toggle(void)
  13          {
  14   1              LED0 = !LED0;
  15   1      }


MODULE INFORMATION:   STATIC OVERLAYABLE
   CODE SIZE        =     13    ----
   CONSTANT SIZE    =   ----    ----
   XDATA SIZE       =   ----    ----
   PDATA SIZE       =   ----    ----
   DATA SIZE        =   ----    ----
   IDATA SIZE       =   ----    ----
   BIT SIZE         =   ----    ----
END OF MODULE INFORMATION.


C51 COMPILATION COMPLETE.  0 WARNING(S),  0 ERROR(S)
